
> app@1.0.0 start
> node server.js

Server is running on port 3000
a user connected: FhPeK5SuuDrJDPKeAAAB
Player FhPeK5SuuDrJDPKeAAAB is the new host and OP.
user disconnected: FhPeK5SuuDrJDPKeAAAB
a user connected: U9wujETO6ZidUCwVAAAD
Player U9wujETO6ZidUCwVAAAD is the new host and OP.
user disconnected: U9wujETO6ZidUCwVAAAD
a user connected: 9s53WQBUagp4HON6AAAF
Player 9s53WQBUagp4HON6AAAF is the new host and OP.
user disconnected: 9s53WQBUagp4HON6AAAF
a user connected: NVlooPyRF7GqL9kWAAAH
Player NVlooPyRF7GqL9kWAAAH is the new host and OP.
user disconnected: NVlooPyRF7GqL9kWAAAH
a user connected: 4uHbyAerz6eBDnSpAAAJ
Player 4uHbyAerz6eBDnSpAAAJ is the new host and OP.
user disconnected: 4uHbyAerz6eBDnSpAAAJ
a user connected: rw3Qwii40TgGfhkdAAAL
Player rw3Qwii40TgGfhkdAAAL is the new host and OP.
user disconnected: rw3Qwii40TgGfhkdAAAL
a user connected: CB8C07a87-pIsOlXAAAN
Player CB8C07a87-pIsOlXAAAN is the new host and OP.
user disconnected: CB8C07a87-pIsOlXAAAN
